// Jest Snapshot v1, https://goo.gl/fbAQLP

exports[`Navbar text links should match snapshot 1`] = `
.c0 {
  -webkit-text-decoration: none;
  text-decoration: none;
  white-space: nowrap;
}

.c0:link {
  color: #2468e5;
}

.c0:visited {
  color: #2468e5;
}

.c0:hover,
.c0:active {
  -webkit-text-decoration: underline;
  text-decoration: underline;
}

.c0:focus {
  outline: none;
  -webkit-text-decoration: underline;
  text-decoration: underline;
}

<div>
  <ul>
    <li
      class="nav__link_active"
    >
      <a
        class="c0 nav__link"
        href="/analysis"
      >
        analysis
      </a>
    </li>
    <li>
      <a
        class="c0 nav__link"
        href="/help"
      >
        help
      </a>
    </li>
  </ul>
</div>
`;
