// Jest Snapshot v1, https://goo.gl/fbAQLP

exports[`Navbar text links should match snapshot 1`] = `
<ul>
  <li
    class="nav__link_active"
  >
    <a
      class="nav__link"
      to="/analysis"
    >
      analysis
    </a>
  </li>
  <li>
    <a
      class="nav__link"
      to="/help"
    >
      help
    </a>
  </li>
</ul>
`;
