// Jest Snapshot v1, https://goo.gl/fbAQLP

exports[`Navbar text links should match snapshot 1`] = `
<div>
  <ul>
    <li
      class="nav__link_active"
    >
      <a
        href="/analysis"
      >
        analysis
      </a>
    </li>
    <li
      class="nav__link"
    >
      <a
        href="/help"
      >
        help
      </a>
    </li>
  </ul>
</div>
`;
